
{"elapsed_seconds": 4.766212971997447, "split": "train", "global_encoded": 16, "encoded_unique": 16, "unique_total": 4157}
{"elapsed_seconds": 28.662767699999677, "split": "train", "global_encoded": 128, "encoded_unique": 128, "unique_total": 4157}
{"elapsed_seconds": 48.80169160600053, "split": "train", "global_encoded": 208, "encoded_unique": 208, "unique_total": 4157}
{"elapsed_seconds": 72.01503400500224, "split": "train", "global_encoded": 320, "encoded_unique": 320, "unique_total": 4157}
{"elapsed_seconds": 93.58233386500069, "split": "train", "global_encoded": 416, "encoded_unique": 416, "unique_total": 4157}
{"elapsed_seconds": 114.85609311200096, "split": "train", "global_encoded": 512, "encoded_unique": 512, "unique_total": 4157}
{"elapsed_seconds": 135.29036506499688, "split": "train", "global_encoded": 624, "encoded_unique": 624, "unique_total": 4157}
{"elapsed_seconds": 155.34915095799806, "split": "train", "global_encoded": 736, "encoded_unique": 736, "unique_total": 4157}
{"elapsed_seconds": 175.58034197300003, "split": "train", "global_encoded": 832, "encoded_unique": 832, "unique_total": 4157}
{"elapsed_seconds": 196.87049484199815, "split": "train", "global_encoded": 928, "encoded_unique": 928, "unique_total": 4157}
{"elapsed_seconds": 222.128132799, "split": "train", "global_encoded": 992, "encoded_unique": 992, "unique_total": 4157}
{"elapsed_seconds": 243.50111640700197, "split": "train", "global_encoded": 1040, "encoded_unique": 1040, "unique_total": 4157}
{"elapsed_seconds": 270.3311266439996, "split": "train", "global_encoded": 1104, "encoded_unique": 1104, "unique_total": 4157}
{"elapsed_seconds": 290.7795198929962, "split": "train", "global_encoded": 1168, "encoded_unique": 1168, "unique_total": 4157}
{"elapsed_seconds": 312.11144504800177, "split": "train", "global_encoded": 1280, "encoded_unique": 1280, "unique_total": 4157}
{"elapsed_seconds": 335.4572708209962, "split": "train", "global_encoded": 1408, "encoded_unique": 1408, "unique_total": 4157}
{"elapsed_seconds": 357.198604033998, "split": "train", "global_encoded": 1520, "encoded_unique": 1520, "unique_total": 4157}
{"elapsed_seconds": 378.09117824999703, "split": "train", "global_encoded": 1664, "encoded_unique": 1664, "unique_total": 4157}
{"elapsed_seconds": 399.5089446209968, "split": "train", "global_encoded": 1824, "encoded_unique": 1824, "unique_total": 4157}
{"elapsed_seconds": 419.6995224700004, "split": "train", "global_encoded": 1920, "encoded_unique": 1920, "unique_total": 4157}
{"elapsed_seconds": 440.34279379800137, "split": "train", "global_encoded": 2000, "encoded_unique": 2000, "unique_total": 4157}
{"elapsed_seconds": 461.50616456400166, "split": "train", "global_encoded": 2144, "encoded_unique": 2144, "unique_total": 4157}
{"elapsed_seconds": 482.54664888400293, "split": "train", "global_encoded": 2272, "encoded_unique": 2272, "unique_total": 4157}
{"elapsed_seconds": 503.98358902199834, "split": "train", "global_encoded": 2368, "encoded_unique": 2368, "unique_total": 4157}
{"elapsed_seconds": 524.3202312270005, "split": "train", "global_encoded": 2432, "encoded_unique": 2432, "unique_total": 4157}
{"elapsed_seconds": 548.5702881100005, "split": "train", "global_encoded": 2528, "encoded_unique": 2528, "unique_total": 4157}
{"elapsed_seconds": 569.5677474240001, "split": "train", "global_encoded": 2640, "encoded_unique": 2640, "unique_total": 4157}
{"elapsed_seconds": 590.3586973429992, "split": "train", "global_encoded": 2784, "encoded_unique": 2784, "unique_total": 4157}
{"elapsed_seconds": 611.8408705239999, "split": "train", "global_encoded": 2928, "encoded_unique": 2928, "unique_total": 4157}
{"elapsed_seconds": 631.9541998069981, "split": "train", "global_encoded": 3040, "encoded_unique": 3040, "unique_total": 4157}
{"elapsed_seconds": 653.3842907290018, "split": "train", "global_encoded": 3168, "encoded_unique": 3168, "unique_total": 4157}
{"elapsed_seconds": 673.5460467119992, "split": "train", "global_encoded": 3296, "encoded_unique": 3296, "unique_total": 4157}
{"elapsed_seconds": 693.7900562860013, "split": "train", "global_encoded": 3424, "encoded_unique": 3424, "unique_total": 4157}
{"elapsed_seconds": 714.9547575979959, "split": "train", "global_encoded": 3552, "encoded_unique": 3552, "unique_total": 4157}
{"elapsed_seconds": 735.4210712990025, "split": "train", "global_encoded": 3664, "encoded_unique": 3664, "unique_total": 4157}
{"elapsed_seconds": 757.1371455409972, "split": "train", "global_encoded": 3808, "encoded_unique": 3808, "unique_total": 4157}
{"elapsed_seconds": 778.0058111760009, "split": "train", "global_encoded": 3968, "encoded_unique": 3968, "unique_total": 4157}
{"elapsed_seconds": 802.1748852430028, "split": "train", "global_encoded": 4096, "encoded_unique": 4096, "unique_total": 4157}
{"elapsed_seconds": 811.4422029280031, "split": "train", "complete": true, "records": 20000, "global_encoded": 4157}
{"elapsed_seconds": 831.394699147997, "split": "validation", "complete": true, "records": 4000, "global_encoded": 4226}
{"elapsed_seconds": 850.5734364599994, "split": "iid_test", "complete": true, "records": 4000, "global_encoded": 4279}
{"elapsed_seconds": 871.2801920369966, "split": "challenge", "global_encoded": 4439, "encoded_unique": 160, "unique_total": 7833}
{"elapsed_seconds": 892.7746444090008, "split": "challenge", "global_encoded": 4599, "encoded_unique": 320, "unique_total": 7833}
{"elapsed_seconds": 915.4812228349983, "split": "challenge", "global_encoded": 4775, "encoded_unique": 496, "unique_total": 7833}
{"elapsed_seconds": 935.8501223560015, "split": "challenge", "global_encoded": 4935, "encoded_unique": 656, "unique_total": 7833}
{"elapsed_seconds": 957.7447627399961, "split": "challenge", "global_encoded": 5079, "encoded_unique": 800, "unique_total": 7833}
{"elapsed_seconds": 979.1722446679996, "split": "challenge", "global_encoded": 5191, "encoded_unique": 912, "unique_total": 7833}
{"elapsed_seconds": 1001.1006692360024, "split": "challenge", "global_encoded": 5351, "encoded_unique": 1072, "unique_total": 7833}
{"elapsed_seconds": 1021.2765178010013, "split": "challenge", "global_encoded": 5495, "encoded_unique": 1216, "unique_total": 7833}
{"elapsed_seconds": 1043.3040519939968, "split": "challenge", "global_encoded": 5591, "encoded_unique": 1312, "unique_total": 7833}
{"elapsed_seconds": 1063.924148566999, "split": "challenge", "global_encoded": 5719, "encoded_unique": 1440, "unique_total": 7833}
{"elapsed_seconds": 1085.4678862680012, "split": "challenge", "global_encoded": 5831, "encoded_unique": 1552, "unique_total": 7833}
{"elapsed_seconds": 1108.155782173002, "split": "challenge", "global_encoded": 5991, "encoded_unique": 1712, "unique_total": 7833}
{"elapsed_seconds": 1129.286374698997, "split": "challenge", "global_encoded": 6135, "encoded_unique": 1856, "unique_total": 7833}
{"elapsed_seconds": 1150.0452386420002, "split": "challenge", "global_encoded": 6279, "encoded_unique": 2000, "unique_total": 7833}
{"elapsed_seconds": 1171.336216384996, "split": "challenge", "global_encoded": 6455, "encoded_unique": 2176, "unique_total": 7833}
{"elapsed_seconds": 1192.4732722729968, "split": "challenge", "global_encoded": 6599, "encoded_unique": 2320, "unique_total": 7833}
{"elapsed_seconds": 1212.861844879997, "split": "challenge", "global_encoded": 6727, "encoded_unique": 2448, "unique_total": 7833}
{"elapsed_seconds": 1236.5204092380009, "split": "challenge", "global_encoded": 6839, "encoded_unique": 2560, "unique_total": 7833}
{"elapsed_seconds": 1259.4071617579975, "split": "challenge", "global_encoded": 6983, "encoded_unique": 2704, "unique_total": 7833}
{"elapsed_seconds": 1280.4870528609972, "split": "challenge", "global_encoded": 7143, "encoded_unique": 2864, "unique_total": 7833}
{"elapsed_seconds": 1302.6003471270014, "split": "challenge", "global_encoded": 7239, "encoded_unique": 2960, "unique_total": 7833}
{"elapsed_seconds": 1322.957156659002, "split": "challenge", "global_encoded": 7383, "encoded_unique": 3104, "unique_total": 7833}
{"elapsed_seconds": 1345.8301428280029, "split": "challenge", "global_encoded": 7511, "encoded_unique": 3232, "unique_total": 7833}
{"elapsed_seconds": 1367.8326091479976, "split": "challenge", "global_encoded": 7655, "encoded_unique": 3376, "unique_total": 7833}
{"elapsed_seconds": 1389.4960937590004, "split": "challenge", "global_encoded": 7799, "encoded_unique": 3520, "unique_total": 7833}
{"elapsed_seconds": 1410.5651830589995, "split": "challenge", "global_encoded": 7895, "encoded_unique": 3616, "unique_total": 7833}
{"elapsed_seconds": 1431.3344622509976, "split": "challenge", "global_encoded": 8039, "encoded_unique": 3760, "unique_total": 7833}
{"elapsed_seconds": 1452.8525218549985, "split": "challenge", "global_encoded": 8183, "encoded_unique": 3904, "unique_total": 7833}
{"elapsed_seconds": 1474.7516643179988, "split": "challenge", "global_encoded": 8343, "encoded_unique": 4064, "unique_total": 7833}
{"elapsed_seconds": 1494.8102590900016, "split": "challenge", "global_encoded": 8487, "encoded_unique": 4208, "unique_total": 7833}
{"elapsed_seconds": 1515.0828999779987, "split": "challenge", "global_encoded": 8631, "encoded_unique": 4352, "unique_total": 7833}
{"elapsed_seconds": 1535.1102717120011, "split": "challenge", "global_encoded": 8759, "encoded_unique": 4480, "unique_total": 7833}
{"elapsed_seconds": 1556.3674624909982, "split": "challenge", "global_encoded": 8919, "encoded_unique": 4640, "unique_total": 7833}
{"elapsed_seconds": 1577.8517053879987, "split": "challenge", "global_encoded": 9063, "encoded_unique": 4784, "unique_total": 7833}
{"elapsed_seconds": 1599.653695326997, "split": "challenge", "global_encoded": 9223, "encoded_unique": 4944, "unique_total": 7833}
{"elapsed_seconds": 1621.0923077400003, "split": "challenge", "global_encoded": 9367, "encoded_unique": 5088, "unique_total": 7833}
{"elapsed_seconds": 1642.470123054998, "split": "challenge", "global_encoded": 9511, "encoded_unique": 5232, "unique_total": 7833}
{"elapsed_seconds": 1664.2038549470017, "split": "challenge", "global_encoded": 9639, "encoded_unique": 5360, "unique_total": 7833}
{"elapsed_seconds": 1686.1191640749967, "split": "challenge", "global_encoded": 9751, "encoded_unique": 5472, "unique_total": 7833}
{"elapsed_seconds": 1707.0373351579983, "split": "challenge", "global_encoded": 9895, "encoded_unique": 5616, "unique_total": 7833}
{"elapsed_seconds": 1728.6101151449984, "split": "challenge", "global_encoded": 10039, "encoded_unique": 5760, "unique_total": 7833}
{"elapsed_seconds": 1752.8113471600009, "split": "challenge", "global_encoded": 10167, "encoded_unique": 5888, "unique_total": 7833}
{"elapsed_seconds": 1776.5619802029978, "split": "challenge", "global_encoded": 10263, "encoded_unique": 5984, "unique_total": 7833}
{"elapsed_seconds": 1797.7363570160014, "split": "challenge", "global_encoded": 10407, "encoded_unique": 6128, "unique_total": 7833}
{"elapsed_seconds": 1819.1645524049964, "split": "challenge", "global_encoded": 10551, "encoded_unique": 6272, "unique_total": 7833}
{"elapsed_seconds": 1839.184044724003, "split": "challenge", "global_encoded": 10727, "encoded_unique": 6448, "unique_total": 7833}
{"elapsed_seconds": 1859.9238295140021, "split": "challenge", "global_encoded": 10903, "encoded_unique": 6624, "unique_total": 7833}
{"elapsed_seconds": 1881.5731380739962, "split": "challenge", "global_encoded": 11047, "encoded_unique": 6768, "unique_total": 7833}
{"elapsed_seconds": 1903.2778322879967, "split": "challenge", "global_encoded": 11207, "encoded_unique": 6928, "unique_total": 7833}
{"elapsed_seconds": 1925.0066883969994, "split": "challenge", "global_encoded": 11383, "encoded_unique": 7104, "unique_total": 7833}
{"elapsed_seconds": 1946.3308969200007, "split": "challenge", "global_encoded": 11543, "encoded_unique": 7264, "unique_total": 7833}
{"elapsed_seconds": 1966.9823823479965, "split": "challenge", "global_encoded": 11671, "encoded_unique": 7392, "unique_total": 7833}
{"elapsed_seconds": 1988.0410136409992, "split": "challenge", "global_encoded": 11831, "encoded_unique": 7552, "unique_total": 7833}
{"elapsed_seconds": 2008.8294490420012, "split": "challenge", "global_encoded": 12007, "encoded_unique": 7728, "unique_total": 7833}
{"elapsed_seconds": 2025.9004351600015, "split": "challenge", "complete": true, "records": 28000, "global_encoded": 12112}
{"complete": true, "newly_encoded": 12112, "elapsed_seconds": 2025.9005041950004}
